List state before ADD pszkm at 1: 
[]
Index is out of range!
