List state before ISCONTAIN 8.71: 
[]
false
List state after ISCONTAIN: 
[]
List state before CLEAR : 
[]
List state after CLEAR: 
[]
List state before REMOVE  at 0: 
[]
Index is out of range!
