List state before GETSIZE : 
[]
0
List state after GETSIZE: 
[]
List state before ADD Point(x=1.92, y=69.27, z=74.35) at 0: 
[]
List state after ADD: 
[P(  1.92, 69.27, 74.35)]
List state before ISEMPTY : 
[P(  1.92, 69.27, 74.35)]
false
List state after ISEMPTY: 
[P(  1.92, 69.27, 74.35)]
List state before ISEMPTY : 
[P(  1.92, 69.27, 74.35)]
false
List state after ISEMPTY: 
[P(  1.92, 69.27, 74.35)]
List state before ADD Point(x=15.92, y=47.57, z=79.75) at 0: 
[P(  1.92, 69.27, 74.35)]
List state after ADD: 
[P( 15.92, 47.57, 79.75), P(  1.92, 69.27, 74.35)]
List state before GET  at 1: 
[P( 15.92, 47.57, 79.75), P(  1.92, 69.27, 74.35)]
P(  1.92, 69.27, 74.35)
List state after GET: 
[P( 15.92, 47.57, 79.75), P(  1.92, 69.27, 74.35)]
List state before GETINDEX Point(x=1.92, y=69.27, z=74.35): 
[P( 15.92, 47.57, 79.75), P(  1.92, 69.27, 74.35)]
1
List state after GETINDEX: 
[P( 15.92, 47.57, 79.75), P(  1.92, 69.27, 74.35)]
List state before ADD Point(x=76.36, y=99.81, z=60.28) at 1: 
[P( 15.92, 47.57, 79.75), P(  1.92, 69.27, 74.35)]
List state after ADD: 
[P( 15.92, 47.57, 79.75), P( 76.36, 99.81, 60.28), P(  1.92, 69.27, 74.35)]
List state before ADD Point(x=76.17, y=71.92, z=42.23) at 2: 
[P( 15.92, 47.57, 79.75), P( 76.36, 99.81, 60.28), P(  1.92, 69.27, 74.35)]
List state after ADD: 
[P( 15.92, 47.57, 79.75), P( 76.36, 99.81, 60.28), P( 76.17, 71.92, 42.23), P(  1.92, 69.27, 74.35)]
List state before REMOVE  at 0: 
[P( 15.92, 47.57, 79.75), P( 76.36, 99.81, 60.28), P( 76.17, 71.92, 42.23), P(  1.92, 69.27, 74.35)]
List state after REMOVE: 
[P( 76.36, 99.81, 60.28), P( 76.17, 71.92, 42.23), P(  1.92, 69.27, 74.35)]
List state before GET  at 1: 
[P( 76.36, 99.81, 60.28), P( 76.17, 71.92, 42.23), P(  1.92, 69.27, 74.35)]
P( 76.17, 71.92, 42.23)
List state after GET: 
[P( 76.36, 99.81, 60.28), P( 76.17, 71.92, 42.23), P(  1.92, 69.27, 74.35)]
List state before ADD Point(x=68.09, y=10.44, z=93.74) at 3: 
[P( 76.36, 99.81, 60.28), P( 76.17, 71.92, 42.23), P(  1.92, 69.27, 74.35)]
List state after ADD: 
[P( 76.36, 99.81, 60.28), P( 76.17, 71.92, 42.23), P(  1.92, 69.27, 74.35), P( 68.09, 10.44, 93.74)]
List state before GETSIZE : 
[P( 76.36, 99.81, 60.28), P( 76.17, 71.92, 42.23), P(  1.92, 69.27, 74.35), P( 68.09, 10.44, 93.74)]
4
List state after GETSIZE: 
[P( 76.36, 99.81, 60.28), P( 76.17, 71.92, 42.23), P(  1.92, 69.27, 74.35), P( 68.09, 10.44, 93.74)]
List state before REMOVE  at 3: 
[P( 76.36, 99.81, 60.28), P( 76.17, 71.92, 42.23), P(  1.92, 69.27, 74.35), P( 68.09, 10.44, 93.74)]
List state after REMOVE: 
[P( 76.36, 99.81, 60.28), P( 76.17, 71.92, 42.23), P(  1.92, 69.27, 74.35)]
List state before ADD Point(x=41.12, y=11.19, z=61.23) at 2: 
[P( 76.36, 99.81, 60.28), P( 76.17, 71.92, 42.23), P(  1.92, 69.27, 74.35)]
List state after ADD: 
[P( 76.36, 99.81, 60.28), P( 76.17, 71.92, 42.23), P( 41.12, 11.19, 61.23), P(  1.92, 69.27, 74.35)]
List state before GETINDEX Point(x=76.17, y=71.92, z=42.23): 
[P( 76.36, 99.81, 60.28), P( 76.17, 71.92, 42.23), P( 41.12, 11.19, 61.23), P(  1.92, 69.27, 74.35)]
1
List state after GETINDEX: 
[P( 76.36, 99.81, 60.28), P( 76.17, 71.92, 42.23), P( 41.12, 11.19, 61.23), P(  1.92, 69.27, 74.35)]
List state before GET  at 1: 
[P( 76.36, 99.81, 60.28), P( 76.17, 71.92, 42.23), P( 41.12, 11.19, 61.23), P(  1.92, 69.27, 74.35)]
P( 76.17, 71.92, 42.23)
List state after GET: 
[P( 76.36, 99.81, 60.28), P( 76.17, 71.92, 42.23), P( 41.12, 11.19, 61.23), P(  1.92, 69.27, 74.35)]
