List state before GETSIZE : 
[]
0
List state after GETSIZE: 
[]
List state before GETSIZE : 
[]
0
List state after GETSIZE: 
[]
List state before ADD 16 at 0: 
[]
List state after ADD: 
[16]
List state before REMOVE  at 0: 
[16]
List state after REMOVE: 
[]
List state before CLEAR : 
[]
List state after CLEAR: 
[]
List state before ADD 11 at 0: 
[]
List state after ADD: 
[11]
List state before GETSIZE : 
[11]
1
List state after GETSIZE: 
[11]
List state before REMOVE  at 0: 
[11]
List state after REMOVE: 
[]
List state before GET  at 0: 
[]
Index is out of range!
