List state before ADD Point(x=12.23, y=20.16, z=40.8): 
[]
List state after ADD: 
[P( 12.23, 20.16, 40.80)]
List state before GETSIZE : 
[P( 12.23, 20.16, 40.80)]
1
List state after GETSIZE: 
[P( 12.23, 20.16, 40.80)]
List state before CLEAR : 
[P( 12.23, 20.16, 40.80)]
List state after CLEAR: 
[]
List state before ISCONTAIN Point(x=94.69, y=13.95, z=77.89): 
[]
false
List state after ISCONTAIN: 
[]
List state before ISEMPTY : 
[]
true
List state after ISEMPTY: 
[]
List state before REMOVE  at 0: 
[]
Index is out of range!
