List state before CLEAR : 
[]
List state after CLEAR: 
[]
List state before REMOVE  at 0: 
[]
Index is out of range!
