List state before ISEMPTY : 
[]
true
List state after ISEMPTY: 
[]
List state before ISCONTAIN 54: 
[]
false
List state after ISCONTAIN: 
[]
List state before GETSIZE : 
[]
0
List state after GETSIZE: 
[]
List state before CLEAR : 
[]
List state after CLEAR: 
[]
List state before ADD 41 at 0: 
[]
List state after ADD: 
[41]
List state before ADD 84 at 0: 
[41]
List state after ADD: 
[84, 41]
List state before ADD 3: 
[84, 41]
List state after ADD: 
[84, 41, 3]
List state before GETINDEX 28: 
[84, 41, 3]
-1
List state after GETINDEX: 
[84, 41, 3]
List state before GETINDEX 3: 
[84, 41, 3]
2
List state after GETINDEX: 
[84, 41, 3]
List state before CLEAR : 
[84, 41, 3]
List state after CLEAR: 
[]
List state before GETINDEX 97: 
[]
-1
List state after GETINDEX: 
[]
List state before GETSIZE : 
[]
0
List state after GETSIZE: 
[]
List state before ADD 53 at 1: 
[]
Index is out of range!
