List state before CLEAR : 
[]
List state after CLEAR: 
[]
List state before GETSIZE : 
[]
0
List state after GETSIZE: 
[]
