List state before ADD Point(x=17.44, y=7.45, z=99.11) at 1: 
[]
Index is out of range!
