List state before GETINDEX Point(x=71.03, y=52.4, z=11.19): 
[]
-1
List state after GETINDEX: 
[]
List state before GET  at 0: 
[]
Index is out of range!
