List state before GETSIZE : 
[]
0
List state after GETSIZE: 
[]
List state before ISEMPTY : 
[]
true
List state after ISEMPTY: 
[]
List state before ADD Point(x=40.01, y=83.76, z=36.3): 
[]
List state after ADD: 
[P( 40.01, 83.76, 36.30)]
List state before GETSIZE : 
[P( 40.01, 83.76, 36.30)]
1
List state after GETSIZE: 
[P( 40.01, 83.76, 36.30)]
List state before REMOVE  at 0: 
[P( 40.01, 83.76, 36.30)]
List state after REMOVE: 
[]
List state before ISCONTAIN Point(x=74.59, y=29.39, z=22.08): 
[]
false
List state after ISCONTAIN: 
[]
