List state before ADD 83.95 at 1: 
[]
Index is out of range!
