List state before CLEAR : 
[]
List state after CLEAR: 
[]
List state before GETINDEX Point(x=7.1, y=4.01, z=29.49): 
[]
-1
List state after GETINDEX: 
[]
List state before ISEMPTY : 
[]
true
List state after ISEMPTY: 
[]
List state before ADD Point(x=76.88, y=79.83, z=83.39) at 0: 
[]
List state after ADD: 
[P( 76.88, 79.83, 83.39)]
List state before ADD Point(x=74.87, y=28.16, z=20.21) at 0: 
[P( 76.88, 79.83, 83.39)]
List state after ADD: 
[P( 74.87, 28.16, 20.21), P( 76.88, 79.83, 83.39)]
List state before GETINDEX Point(x=76.88, y=79.83, z=83.39): 
[P( 74.87, 28.16, 20.21), P( 76.88, 79.83, 83.39)]
1
List state after GETINDEX: 
[P( 74.87, 28.16, 20.21), P( 76.88, 79.83, 83.39)]
List state before ISEMPTY : 
[P( 74.87, 28.16, 20.21), P( 76.88, 79.83, 83.39)]
false
List state after ISEMPTY: 
[P( 74.87, 28.16, 20.21), P( 76.88, 79.83, 83.39)]
List state before ADD Point(x=19.08, y=12.34, z=38.45): 
[P( 74.87, 28.16, 20.21), P( 76.88, 79.83, 83.39)]
List state after ADD: 
[P( 74.87, 28.16, 20.21), P( 76.88, 79.83, 83.39), P( 19.08, 12.34, 38.45)]
List state before GETSIZE : 
[P( 74.87, 28.16, 20.21), P( 76.88, 79.83, 83.39), P( 19.08, 12.34, 38.45)]
3
List state after GETSIZE: 
[P( 74.87, 28.16, 20.21), P( 76.88, 79.83, 83.39), P( 19.08, 12.34, 38.45)]
List state before CLEAR : 
[P( 74.87, 28.16, 20.21), P( 76.88, 79.83, 83.39), P( 19.08, 12.34, 38.45)]
List state after CLEAR: 
[]
List state before ISEMPTY : 
[]
true
List state after ISEMPTY: 
[]
