List state before GETSIZE : 
[]
0
List state after GETSIZE: 
[]
List state before ISCONTAIN 44: 
[]
false
List state after ISCONTAIN: 
[]
List state before REMOVE  at 0: 
[]
Index is out of range!
