List state before ISEMPTY : 
[]
true
List state after ISEMPTY: 
[]
List state before ADD Point(x=85.1, y=76.26, z=84.94): 
[]
List state after ADD: 
[P( 85.10, 76.26, 84.94)]
List state before GETINDEX Point(x=85.1, y=76.26, z=84.94): 
[P( 85.10, 76.26, 84.94)]
0
List state after GETINDEX: 
[P( 85.10, 76.26, 84.94)]
List state before ADD Point(x=50.24, y=20.77, z=23.03) at 0: 
[P( 85.10, 76.26, 84.94)]
List state after ADD: 
[P( 50.24, 20.77, 23.03), P( 85.10, 76.26, 84.94)]
List state before REMOVE  at 0: 
[P( 50.24, 20.77, 23.03), P( 85.10, 76.26, 84.94)]
List state after REMOVE: 
[P( 85.10, 76.26, 84.94)]
List state before REMOVE  at 0: 
[P( 85.10, 76.26, 84.94)]
List state after REMOVE: 
[]
List state before REMOVE  at 0: 
[]
Index is out of range!
