List state before ISCONTAIN vhwez: 
[]
false
List state after ISCONTAIN: 
[]
List state before REMOVE  at 0: 
[]
Index is out of range!
