List state before GETINDEX Point(x=88.64, y=15.3, z=96.3): 
[]
-1
List state after GETINDEX: 
[]
List state before ADD Point(x=25.19, y=78.39, z=39.97) at 0: 
[]
List state after ADD: 
[P( 25.19, 78.39, 39.97)]
List state before ADD Point(x=58.99, y=46.47, z=57.43): 
[P( 25.19, 78.39, 39.97)]
List state after ADD: 
[P( 25.19, 78.39, 39.97), P( 58.99, 46.47, 57.43)]
List state before REMOVE  at 0: 
[P( 25.19, 78.39, 39.97), P( 58.99, 46.47, 57.43)]
List state after REMOVE: 
[P( 58.99, 46.47, 57.43)]
List state before ISCONTAIN Point(x=64.43, y=65.43, z=70.26): 
[P( 58.99, 46.47, 57.43)]
false
List state after ISCONTAIN: 
[P( 58.99, 46.47, 57.43)]
List state before ADD Point(x=48.36, y=27.29, z=15.58): 
[P( 58.99, 46.47, 57.43)]
List state after ADD: 
[P( 58.99, 46.47, 57.43), P( 48.36, 27.29, 15.58)]
List state before GET  at 0: 
[P( 58.99, 46.47, 57.43), P( 48.36, 27.29, 15.58)]
P( 58.99, 46.47, 57.43)
List state after GET: 
[P( 58.99, 46.47, 57.43), P( 48.36, 27.29, 15.58)]
List state before ADD Point(x=33.15, y=39.39, z=6.58): 
[P( 58.99, 46.47, 57.43), P( 48.36, 27.29, 15.58)]
List state after ADD: 
[P( 58.99, 46.47, 57.43), P( 48.36, 27.29, 15.58), P( 33.15, 39.39,  6.58)]
List state before ISEMPTY : 
[P( 58.99, 46.47, 57.43), P( 48.36, 27.29, 15.58), P( 33.15, 39.39,  6.58)]
false
List state after ISEMPTY: 
[P( 58.99, 46.47, 57.43), P( 48.36, 27.29, 15.58), P( 33.15, 39.39,  6.58)]
List state before ADD Point(x=71.91, y=17.36, z=25.46) at 3: 
[P( 58.99, 46.47, 57.43), P( 48.36, 27.29, 15.58), P( 33.15, 39.39,  6.58)]
List state after ADD: 
[P( 58.99, 46.47, 57.43), P( 48.36, 27.29, 15.58), P( 33.15, 39.39,  6.58), P( 71.91, 17.36, 25.46)]
List state before REMOVE  at 7: 
[P( 58.99, 46.47, 57.43), P( 48.36, 27.29, 15.58), P( 33.15, 39.39,  6.58), P( 71.91, 17.36, 25.46)]
Index is out of range!
