List state before GETINDEX oljoe: 
[]
-1
List state after GETINDEX: 
[]
List state before GETSIZE : 
[]
0
List state after GETSIZE: 
[]
List state before ADD qkxjw: 
[]
List state after ADD: 
[qkxjw]
List state before ADD jyutp at 0: 
[qkxjw]
List state after ADD: 
[jyutp, qkxjw]
List state before REMOVE  at 1: 
[jyutp, qkxjw]
List state after REMOVE: 
[jyutp]
List state before REMOVE  at 8: 
[jyutp]
Index is out of range!
