List state before GETINDEX 43: 
[]
-1
List state after GETINDEX: 
[]
List state before ADD 49: 
[]
List state after ADD: 
[49]
List state before GET  at 0: 
[49]
49
List state after GET: 
[49]
List state before ISCONTAIN 49: 
[49]
true
List state after ISCONTAIN: 
[49]
List state before ISCONTAIN 49: 
[49]
true
List state after ISCONTAIN: 
[49]
List state before ISCONTAIN 53: 
[49]
false
List state after ISCONTAIN: 
[49]
List state before REMOVE  at 4: 
[49]
Index is out of range!
