List state before ADD 28 at 0: 
[]
List state after ADD: 
[28]
List state before ISCONTAIN 28: 
[28]
true
List state after ISCONTAIN: 
[28]
List state before GET  at 0: 
[28]
28
List state after GET: 
[28]
List state before REMOVE  at 0: 
[28]
List state after REMOVE: 
[]
List state before GET  at 0: 
[]
Index is out of range!
