List state before GETSIZE : 
[]
0
List state after GETSIZE: 
[]
List state before ADD Point(x=50.13, y=14.23, z=92.98) at 0: 
[]
List state after ADD: 
[P( 50.13, 14.23, 92.98)]
List state before GET  at 0: 
[P( 50.13, 14.23, 92.98)]
P( 50.13, 14.23, 92.98)
List state after GET: 
[P( 50.13, 14.23, 92.98)]
List state before ADD Point(x=44.7, y=95.36, z=45.93) at 0: 
[P( 50.13, 14.23, 92.98)]
List state after ADD: 
[P( 44.70, 95.36, 45.93), P( 50.13, 14.23, 92.98)]
List state before ADD Point(x=64.44, y=54.45, z=62.45): 
[P( 44.70, 95.36, 45.93), P( 50.13, 14.23, 92.98)]
List state after ADD: 
[P( 44.70, 95.36, 45.93), P( 50.13, 14.23, 92.98), P( 64.44, 54.45, 62.45)]
List state before REMOVE  at 2: 
[P( 44.70, 95.36, 45.93), P( 50.13, 14.23, 92.98), P( 64.44, 54.45, 62.45)]
List state after REMOVE: 
[P( 44.70, 95.36, 45.93), P( 50.13, 14.23, 92.98)]
List state before GETINDEX Point(x=56.03, y=43.62, z=26.2): 
[P( 44.70, 95.36, 45.93), P( 50.13, 14.23, 92.98)]
-1
List state after GETINDEX: 
[P( 44.70, 95.36, 45.93), P( 50.13, 14.23, 92.98)]
List state before GETINDEX Point(x=41.42, y=74.23, z=17.1): 
[P( 44.70, 95.36, 45.93), P( 50.13, 14.23, 92.98)]
-1
List state after GETINDEX: 
[P( 44.70, 95.36, 45.93), P( 50.13, 14.23, 92.98)]
List state before CLEAR : 
[P( 44.70, 95.36, 45.93), P( 50.13, 14.23, 92.98)]
List state after CLEAR: 
[]
List state before ADD Point(x=62.18, y=87.15, z=68.79): 
[]
List state after ADD: 
[P( 62.18, 87.15, 68.79)]
List state before ISEMPTY : 
[P( 62.18, 87.15, 68.79)]
false
List state after ISEMPTY: 
[P( 62.18, 87.15, 68.79)]
List state before GET  at 0: 
[P( 62.18, 87.15, 68.79)]
P( 62.18, 87.15, 68.79)
List state after GET: 
[P( 62.18, 87.15, 68.79)]
List state before REMOVE  at 0: 
[P( 62.18, 87.15, 68.79)]
List state after REMOVE: 
[]
List state before CLEAR : 
[]
List state after CLEAR: 
[]
List state before CLEAR : 
[]
List state after CLEAR: 
[]
List state before REMOVE  at 0: 
[]
Index is out of range!
