List state before ADD Point(x=13.63, y=56.2, z=33.78): 
[]
List state after ADD: 
[P( 13.63, 56.20, 33.78)]
List state before CLEAR : 
[P( 13.63, 56.20, 33.78)]
List state after CLEAR: 
[]
List state before ADD Point(x=19.55, y=75.17, z=95.93) at 1: 
[]
Index is out of range!
