List state before ADD Point(x=70.01, y=42.99, z=2.7): 
[]
List state after ADD: 
[P( 70.01, 42.99,  2.70)]
List state before REMOVE  at 0: 
[P( 70.01, 42.99,  2.70)]
List state after REMOVE: 
[]
List state before ISCONTAIN Point(x=53.95, y=58.94, z=86.51): 
[]
false
List state after ISCONTAIN: 
[]
List state before GETINDEX Point(x=98.69, y=92.98, z=85.77): 
[]
-1
List state after GETINDEX: 
[]
List state before ISCONTAIN Point(x=47.01, y=11.21, z=89.33): 
[]
false
List state after ISCONTAIN: 
[]
List state before ADD Point(x=87.82, y=51.25, z=7.61) at 0: 
[]
List state after ADD: 
[P( 87.82, 51.25,  7.61)]
List state before REMOVE  at 0: 
[P( 87.82, 51.25,  7.61)]
List state after REMOVE: 
[]
List state before ADD Point(x=29.18, y=44.99, z=58.16): 
[]
List state after ADD: 
[P( 29.18, 44.99, 58.16)]
List state before ADD Point(x=42.42, y=11.47, z=6.56): 
[P( 29.18, 44.99, 58.16)]
List state after ADD: 
[P( 29.18, 44.99, 58.16), P( 42.42, 11.47,  6.56)]
List state before ISCONTAIN Point(x=29.18, y=44.99, z=58.16): 
[P( 29.18, 44.99, 58.16), P( 42.42, 11.47,  6.56)]
true
List state after ISCONTAIN: 
[P( 29.18, 44.99, 58.16), P( 42.42, 11.47,  6.56)]
List state before REMOVE Point(x=29.18, y=44.99, z=58.16): 
[P( 29.18, 44.99, 58.16), P( 42.42, 11.47,  6.56)]
List state after REMOVE: 
[P( 42.42, 11.47,  6.56)]
List state before ISCONTAIN Point(x=42.42, y=11.47, z=6.56): 
[P( 42.42, 11.47,  6.56)]
true
List state after ISCONTAIN: 
[P( 42.42, 11.47,  6.56)]
List state before CLEAR : 
[P( 42.42, 11.47,  6.56)]
List state after CLEAR: 
[]
List state before ADD Point(x=3.59, y=41.76, z=8.65): 
[]
List state after ADD: 
[P(  3.59, 41.76,  8.65)]
List state before CLEAR : 
[P(  3.59, 41.76,  8.65)]
List state after CLEAR: 
[]
List state before REMOVE  at 0: 
[]
Index is out of range!
