List state before ISCONTAIN wdnor: 
[]
false
List state after ISCONTAIN: 
[]
List state before GETINDEX nfiyl: 
[]
-1
List state after GETINDEX: 
[]
List state before REMOVE  at 0: 
[]
Index is out of range!
