List state before ISEMPTY : 
[]
true
List state after ISEMPTY: 
[]
List state before GETINDEX 84.16: 
[]
-1
List state after GETINDEX: 
[]
List state before ADD 23.97 at 1: 
[]
Index is out of range!
